
> portfolio-investment-banker@1.0.0 dev
> vite --host 0.0.0.0 --port 8211

1:26:59 pm [vite] (client) Re-optimizing dependencies because lockfile has changed

  VITE v6.4.3  ready in 629 ms

  ➜  Local:   http://localhost:8211/
  ➜  Network: http://192.168.0.101:8211/
  ➜  Network: http://172.25.144.1:8211/
  ➜  press h + enter to show help
1:27:54 pm [vite] (client) hmr update /src/App.tsx
1:27:54 pm [vite] (client) page reload index.html
1:27:54 pm [vite] (client) page reload src/main.tsx
1:27:54 pm [vite] vite.config.ts changed, restarting server...
1:27:54 pm [vite] changed tsconfig file detected: D:/Animation Websites/11-investment-banker/tsconfig.json - Clearing cache and forcing full-reload to ensure TypeScript is compiled with updated config values.
1:27:54 pm [vite] (client) hmr invalidate /src/App.tsx Could not Fast Refresh ("bootPortfolio" export is incompatible). Learn more at https://github.com/vitejs/vite-plugin-react/tree/main/packages/plugin-react#consistent-components-exports
1:27:54 pm [vite] (client) page reload src/App.tsx
1:27:54 pm [vite] server restarted.
1:32:26 pm [vite] (client) hmr update /src/App.tsx
1:32:26 pm [vite] (client) hmr update /src/App.tsx
1:32:26 pm [vite] (client) page reload index.html
1:32:26 pm [vite] (client) page reload src/main.tsx
1:32:26 pm [vite] vite.config.ts changed, restarting server...
1:32:26 pm [vite] changed tsconfig file detected: D:/Animation Websites/11-investment-banker/tsconfig.json - Clearing cache and forcing full-reload to ensure TypeScript is compiled with updated config values.
1:32:26 pm [vite] server restarted.
